// Jest Snapshot v1, https://goo.gl/fbAQLP

exports[`Testing button component Should match snapshot 1`] = `
<DocumentFragment>
  <button
    class="Button u-flexInline u-justifyContentCenter u-alignItemsCenter u-textDecorationNone u-roundedMedium u-textWhite hover:u-textWhite u-backgroundPrimary hover:u-backgroundPrimaryDark u-border u-borderPrimary hover:u-textDecorationNone u-cursorPointer u-textUppercase"
  >
    <span
      class="Button-label u-inlineBlock"
    />
  </button>
</DocumentFragment>
`;
