// Jest Snapshot v1, https://goo.gl/fbAQLP

exports[`Testing login route Should match snapshot 1`] = `
<DocumentFragment>
  <div
    class="sc-AxirZ oxXIZ"
  >
    <div
      class="sc-AxiKw EEztA"
    >
      <div
        class="sc-AxhCb hOEozc"
      >
        Login
      </div>
      <form>
        <div>
          <label
            class="FormLabel u-block u-marginBottomTiny"
            style="font-size: 0.9rem;"
          >
            Email
            <span
              class="error"
            >
               *
            </span>
          </label>
          <input
            class="FormInput u-block u-widthFull u-webkitScrollbar"
            name="email"
            required=""
            style="font-size: 0.9rem;"
            type="text"
            value=""
          />
        </div>
        <div
          class="sc-AxjAm cExXRh"
        />
        <div>
          <label
            class="FormLabel u-block u-marginBottomTiny"
            style="font-size: 0.9rem;"
          >
            Password
            <span
              class="error"
            >
               *
            </span>
          </label>
          <input
            class="FormInput u-block u-widthFull u-webkitScrollbar"
            name="password"
            required=""
            style="font-size: 0.9rem;"
            type="password"
            value=""
          />
        </div>
        <div
          class="sc-AxjAm cExXRh"
        />
        <button
          class="Button u-flexInline u-justifyContentCenter u-alignItemsCenter u-textDecorationNone u-roundedMedium u-textWhite hover:u-textWhite u-backgroundPrimary hover:u-backgroundPrimaryDark u-border u-borderPrimary hover:u-textDecorationNone is-disabled u-cursorNotAllow u-pointerEventsNone u-widthFull u-textUppercase"
          disabled=""
          style="margin-bottom: 10px; margin-top: 10px; font-size: 0.9rem;"
        >
          <span
            class="Button-label u-inlineBlock"
          >
            Log in
          </span>
        </button>
        <button
          class="Button u-flexInline u-justifyContentCenter u-alignItemsCenter u-textDecorationNone u-roundedMedium u-textWhite hover:u-textWhite u-backgroundPrimary hover:u-backgroundPrimaryDark u-border u-borderPrimary hover:u-textDecorationNone u-cursorPointer u-widthFull u-textUppercase"
          style="font-size: 0.9rem;"
        >
          <span
            class="Button-label u-inlineBlock"
          >
            Sign up
          </span>
        </button>
      </form>
    </div>
  </div>
</DocumentFragment>
`;
