// Jest Snapshot v1, https://goo.gl/fbAQLP

exports[`Testing Item list component Should match snapshot 1`] = `
<DocumentFragment>
  <div>
    <div
      style="display: flex; justify-content: space-between;"
    >
      <div
        style="margin-left: 10px;"
      >
        <div
          class="TopMenu u-backgroundWhite u-paddingVerticalExtraSmall"
        >
          <div
            class="TopMenu-list"
          >
            <div
              class="TopMenu-item u-positionRelative is-active u-flexInline u-alignItemsCenter u-cursorPointer"
            >
              <div
                class="TopMenu-itemBefore u-positionAbsolute u-positionLeft u-positionTop u-backgroundTransparent u-widthFull"
              />
              <div
                class="TopMenu-itemAfter u-positionAbsolute u-positionLeft u-positionBottom u-backgroundPrimary u-widthFull"
              />
              <span
                class="u-positionRelative u-flexInline u-flexGrow-1 u-paddingVerticalTiny hover:u-textDecorationNone u-textPrimary"
              >
                <div
                  class="u-flexGrow-1"
                >
                  Dashboard
                </div>
              </span>
            </div>
            <div
              class="TopMenu-item u-positionRelative u-marginLeftLarge u-flexInline u-alignItemsCenter u-cursorPointer"
            >
              <a
                class="u-positionRelative u-flexInline u-flexGrow-1 u-paddingVerticalTiny hover:u-textDecorationNone u-textDark hover:u-textPrimary"
                href="#"
                role="button"
              >
                <div
                  class="u-flexGrow-1"
                >
                  Add categories
                </div>
              </a>
            </div>
          </div>
        </div>
      </div>
      <div>
        <button
          class="Button u-flexInline u-justifyContentCenter u-alignItemsCenter u-textDecorationNone u-roundedMedium u-textWhite hover:u-textWhite u-backgroundPrimary hover:u-backgroundPrimaryDark u-border u-borderPrimary hover:u-textDecorationNone u-cursorPointer u-textUppercase"
          style="margin: 10px; font-size: 0.9rem;"
        >
          <span
            class="Button-label u-inlineBlock"
          >
            Login
          </span>
        </button>
        <button
          class="Button u-flexInline u-justifyContentCenter u-alignItemsCenter u-textDecorationNone u-roundedMedium u-textGray hover:u-textGray u-backgroundLightest hover:u-backgroundUltraLight u-border hover:u-textDecorationNone u-cursorPointer u-textUppercase"
          style="margin: 10px; font-size: 0.9rem;"
        >
          <span
            class="Button-label u-inlineBlock"
          >
            Sign up
          </span>
        </button>
      </div>
    </div>
    <div>
      <div
        style="max-width: 1140px; display: flex; justify-content: center; margin: 0px auto;"
      >
        <div
          class="EmptyState u-inlineBlock u-textCenter"
        >
          <img
            alt="General"
            class="u-maxWidthFull"
            src="https://designsystem-cdn.got-it.ai/images/general.8da83c28.svg"
            width="240"
          />
          <div
            class="EmptyState-heading u-marginTopSmall u-text650 u-textLight"
          >
            Item Empty
          </div>
        </div>
      </div>
    </div>
  </div>
  , ,
</DocumentFragment>
`;
