// Jest Snapshot v1, https://goo.gl/fbAQLP

exports[`Testing sign up route Should match snapshot 1`] = `
<DocumentFragment>
  <div
    class="sc-AxirZ oxXIZ"
  >
    <div
      class="sc-AxiKw EEztA"
    >
      <div
        class="sc-AxhCb sc-AxhUy cRUfQ"
      >
        Create an account
      </div>
      <form>
        <div>
          <input
            class="FormInput u-block u-widthFull u-webkitScrollbar"
            name="username"
            placeholder="Username"
            required=""
            style="font-size: 0.9rem;"
            type="text"
            value=""
          />
        </div>
        <div
          class="sc-AxjAm cExXRh"
        />
        <div>
          <input
            class="FormInput u-block u-widthFull u-webkitScrollbar"
            name="email"
            placeholder="Email"
            required=""
            style="font-size: 0.9rem;"
            type="text"
            value=""
          />
        </div>
        <div
          class="sc-AxjAm cExXRh"
        />
        <div>
          <input
            class="FormInput u-block u-widthFull u-webkitScrollbar"
            name="password"
            placeholder="Password"
            required=""
            style="font-size: 0.9rem;"
            type="password"
            value=""
          />
        </div>
        <div
          class="sc-AxjAm cExXRh"
        />
        <button
          class="Button u-flexInline u-justifyContentCenter u-alignItemsCenter u-textDecorationNone u-roundedMedium u-textWhite hover:u-textWhite u-backgroundPrimary hover:u-backgroundPrimaryDark u-border u-borderPrimary hover:u-textDecorationNone is-disabled u-cursorNotAllow u-pointerEventsNone u-widthFull u-textUppercase"
          disabled=""
          style="font-size: 0.9rem; opacity: 1;"
        >
          <span
            class="Button-label u-inlineBlock"
          >
            Sign up
          </span>
        </button>
      </form>
      <div
        class="sc-AxhCb jZbWFZ u-cursorPointer"
      >
        Log In instead ?
      </div>
    </div>
  </div>
</DocumentFragment>
`;
